qt.core.plugin.factoryloader: checking directory path "/home/seame/Qt/6.9.3/gcc_64/plugins/platforms" ...
qt.core.plugin.factoryloader: looking at "libqminimal.so"
qt.core.plugin.loader: Found metadata in lib /home/seame/Qt/6.9.3/gcc_64/plugins/platforms/libqminimal.so, metadata=
{
    "IID": "org.qt-project.Qt.QPA.QPlatformIntegrationFactoryInterface.5.3",
    "MetaData": {
        "Keys": [
            "minimal"
        ]
    },
    "archlevel": 1,
    "className": "QMinimalIntegrationPlugin",
    "debug": false,
    "version": 395520
}


qt.core.plugin.factoryloader: Got keys from plugin meta data QList("minimal")
qt.core.plugin.factoryloader: looking at "qvnc.debug"
qt.core.plugin.factoryloader: "The shared library was not found." 
         not a plugin
qt.core.plugin.factoryloader: looking at "libqoffscreen.so"
qt.core.plugin.loader: Found metadata in lib /home/seame/Qt/6.9.3/gcc_64/plugins/platforms/libqoffscreen.so, metadata=
{
    "IID": "org.qt-project.Qt.QPA.QPlatformIntegrationFactoryInterface.5.3",
    "MetaData": {
        "Keys": [
            "offscreen"
        ]
    },
    "archlevel": 1,
    "className": "QOffscreenIntegrationPlugin",
    "debug": false,
    "version": 395520
}


qt.core.plugin.factoryloader: Got keys from plugin meta data QList("offscreen")
qt.core.plugin.factoryloader: looking at "libqwayland-egl.so"
qt.core.plugin.loader: Found metadata in lib /home/seame/Qt/6.9.3/gcc_64/plugins/platforms/libqwayland-egl.so, metadata=
{
    "IID": "org.qt-project.Qt.QPA.QPlatformIntegrationFactoryInterface.5.3",
    "MetaData": {
        "Keys": [
            "wayland-egl"
        ]
    },
    "archlevel": 1,
    "className": "QWaylandEglPlatformIntegrationPlugin",
    "debug": false,
    "version": 395520
}


qt.core.plugin.factoryloader: Got keys from plugin meta data QList("wayland-egl")
qt.core.plugin.factoryloader: looking at "libqvkkhrdisplay.so"
qt.core.plugin.loader: Found metadata in lib /home/seame/Qt/6.9.3/gcc_64/plugins/platforms/libqvkkhrdisplay.so, metadata=
{
    "IID": "org.qt-project.Qt.QPA.QPlatformIntegrationFactoryInterface.5.3",
    "MetaData": {
        "Keys": [
            "vkkhrdisplay"
        ]
    },
    "archlevel": 1,
    "className": "QVkKhrDisplayIntegrationPlugin",
    "debug": false,
    "version": 395520
}


qt.core.plugin.factoryloader: Got keys from plugin meta data QList("vkkhrdisplay")
qt.core.plugin.factoryloader: looking at "qvkkhrdisplay.debug"
qt.core.plugin.factoryloader: "The shared library was not found." 
         not a plugin
qt.core.plugin.factoryloader: looking at "libqvnc.so"
qt.core.plugin.loader: Found metadata in lib /home/seame/Qt/6.9.3/gcc_64/plugins/platforms/libqvnc.so, metadata=
{
    "IID": "org.qt-project.Qt.QPA.QPlatformIntegrationFactoryInterface.5.3",
    "MetaData": {
        "Keys": [
            "vnc"
        ]
    },
    "archlevel": 1,
    "className": "QVncIntegrationPlugin",
    "debug": false,
    "version": 395520
}


qt.core.plugin.factoryloader: Got keys from plugin meta data QList("vnc")
qt.core.plugin.factoryloader: looking at "qxcb.debug"
qt.core.plugin.factoryloader: "The shared library was not found." 
         not a plugin
qt.core.plugin.factoryloader: looking at "libqlinuxfb.so"
qt.core.plugin.loader: Found metadata in lib /home/seame/Qt/6.9.3/gcc_64/plugins/platforms/libqlinuxfb.so, metadata=
{
    "IID": "org.qt-project.Qt.QPA.QPlatformIntegrationFactoryInterface.5.3",
    "MetaData": {
        "Keys": [
            "linuxfb"
        ]
    },
    "archlevel": 1,
    "className": "QLinuxFbIntegrationPlugin",
    "debug": false,
    "version": 395520
}


qt.core.plugin.factoryloader: Got keys from plugin meta data QList("linuxfb")
qt.core.plugin.factoryloader: looking at "qlinuxfb.debug"
qt.core.plugin.factoryloader: "The shared library was not found." 
         not a plugin
qt.core.plugin.factoryloader: looking at "qminimal.debug"
qt.core.plugin.factoryloader: "The shared library was not found." 
         not a plugin
qt.core.plugin.factoryloader: looking at "qwayland-generic.debug"
qt.core.plugin.factoryloader: "The shared library was not found." 
         not a plugin
qt.core.plugin.factoryloader: looking at "qminimalegl.debug"
qt.core.plugin.factoryloader: "The shared library was not found." 
         not a plugin
qt.core.plugin.factoryloader: looking at "libqwayland-generic.so"
qt.core.plugin.loader: Found metadata in lib /home/seame/Qt/6.9.3/gcc_64/plugins/platforms/libqwayland-generic.so, metadata=
{
    "IID": "org.qt-project.Qt.QPA.QPlatformIntegrationFactoryInterface.5.3",
    "MetaData": {
        "Keys": [
            "wayland"
        ]
    },
    "archlevel": 1,
    "className": "QWaylandIntegrationPlugin",
    "debug": false,
    "version": 395520
}


qt.core.plugin.factoryloader: Got keys from plugin meta data QList("wayland")
qt.core.plugin.factoryloader: looking at "libqxcb.so"
qt.core.plugin.loader: Found metadata in lib /home/seame/Qt/6.9.3/gcc_64/plugins/platforms/libqxcb.so, metadata=
{
    "IID": "org.qt-project.Qt.QPA.QPlatformIntegrationFactoryInterface.5.3",
    "MetaData": {
        "Keys": [
            "xcb"
        ]
    },
    "archlevel": 1,
    "className": "QXcbIntegrationPlugin",
    "debug": false,
    "version": 395520
}


qt.core.plugin.factoryloader: Got keys from plugin meta data QList("xcb")
qt.core.plugin.factoryloader: looking at "libqminimalegl.so"
qt.core.plugin.loader: Found metadata in lib /home/seame/Qt/6.9.3/gcc_64/plugins/platforms/libqminimalegl.so, metadata=
{
    "IID": "org.qt-project.Qt.QPA.QPlatformIntegrationFactoryInterface.5.3",
    "MetaData": {
        "Keys": [
            "minimalegl"
        ]
    },
    "archlevel": 1,
    "className": "QMinimalEglIntegrationPlugin",
    "debug": false,
    "version": 395520
}


qt.core.plugin.factoryloader: Got keys from plugin meta data QList("minimalegl")
qt.core.plugin.factoryloader: looking at "libqeglfs.so"
qt.core.plugin.loader: Found metadata in lib /home/seame/Qt/6.9.3/gcc_64/plugins/platforms/libqeglfs.so, metadata=
{
    "IID": "org.qt-project.Qt.QPA.QPlatformIntegrationFactoryInterface.5.3",
    "MetaData": {
        "Keys": [
            "eglfs"
        ]
    },
    "archlevel": 1,
    "className": "QEglFSIntegrationPlugin",
    "debug": false,
    "version": 395520
}


qt.core.plugin.factoryloader: Got keys from plugin meta data QList("eglfs")
qt.core.plugin.factoryloader: looking at "qwayland-egl.debug"
qt.core.plugin.factoryloader: "The shared library was not found." 
         not a plugin
qt.core.plugin.factoryloader: looking at "qeglfs.debug"
qt.core.plugin.factoryloader: "The shared library was not found." 
         not a plugin
qt.core.plugin.factoryloader: looking at "qoffscreen.debug"
qt.core.plugin.factoryloader: "The shared library was not found." 
         not a plugin
qt.core.plugin.factoryloader: checking directory path "/home/seame/DES_Head-Unit/Head-Unit/build/platforms" ...
qt.core.plugin.factoryloader: checking directory path "/home/seame/Qt/6.9.3/gcc_64/plugins/platformthemes" ...
qt.core.plugin.factoryloader: looking at "qgtk3.debug"
qt.core.plugin.factoryloader: "The shared library was not found." 
         not a plugin
qt.core.plugin.factoryloader: looking at "libqgtk3.so"
qt.core.plugin.loader: Found metadata in lib /home/seame/Qt/6.9.3/gcc_64/plugins/platformthemes/libqgtk3.so, metadata=
{
    "IID": "org.qt-project.Qt.QPA.QPlatformThemeFactoryInterface.5.1",
    "MetaData": {
        "Keys": [
            "gtk3"
        ]
    },
    "archlevel": 1,
    "className": "QGtk3ThemePlugin",
    "debug": false,
    "version": 395520
}


qt.core.plugin.factoryloader: Got keys from plugin meta data QList("gtk3")
qt.core.plugin.factoryloader: looking at "qxdgdesktopportal.debug"
qt.core.plugin.factoryloader: "The shared library was not found." 
         not a plugin
qt.core.plugin.factoryloader: looking at "libqxdgdesktopportal.so"
qt.core.plugin.loader: Found metadata in lib /home/seame/Qt/6.9.3/gcc_64/plugins/platformthemes/libqxdgdesktopportal.so, metadata=
{
    "IID": "org.qt-project.Qt.QPA.QPlatformThemeFactoryInterface.5.1",
    "MetaData": {
        "Keys": [
            "xdgdesktopportal",
            "flatpak",
            "snap"
        ]
    },
    "archlevel": 1,
    "className": "QXdgDesktopPortalThemePlugin",
    "debug": false,
    "version": 395520
}


qt.core.plugin.factoryloader: Got keys from plugin meta data QList("xdgdesktopportal", "flatpak", "snap")
qt.core.plugin.factoryloader: checking directory path "/home/seame/DES_Head-Unit/Head-Unit/build/platformthemes" ...
qt.core.plugin.factoryloader: checking directory path "/home/seame/Qt/6.9.3/gcc_64/plugins/platforminputcontexts" ...
qt.core.plugin.factoryloader: looking at "qtvirtualkeyboardplugin.debug"
qt.core.plugin.factoryloader: "The shared library was not found." 
         not a plugin
qt.core.plugin.factoryloader: looking at "composeplatforminputcontextplugin.debug"
qt.core.plugin.factoryloader: "The shared library was not found." 
         not a plugin
qt.core.plugin.factoryloader: looking at "libqtvirtualkeyboardplugin.so"
qt.core.plugin.loader: Found metadata in lib /home/seame/Qt/6.9.3/gcc_64/plugins/platforminputcontexts/libqtvirtualkeyboardplugin.so, metadata=
{
    "IID": "org.qt-project.Qt.QPlatformInputContextFactoryInterface.5.1",
    "MetaData": {
        "Keys": [
            "qtvirtualkeyboard"
        ]
    },
    "archlevel": 1,
    "className": "QVirtualKeyboardPlugin",
    "debug": false,
    "version": 395520
}


qt.core.plugin.factoryloader: Got keys from plugin meta data QList("qtvirtualkeyboard")
qt.core.plugin.factoryloader: looking at "libcomposeplatforminputcontextplugin.so"
qt.core.plugin.loader: Found metadata in lib /home/seame/Qt/6.9.3/gcc_64/plugins/platforminputcontexts/libcomposeplatforminputcontextplugin.so, metadata=
{
    "IID": "org.qt-project.Qt.QPlatformInputContextFactoryInterface.5.1",
    "MetaData": {
        "Keys": [
            "compose",
            "xim"
        ]
    },
    "archlevel": 1,
    "className": "QComposePlatformInputContextPlugin",
    "debug": false,
    "version": 395520
}


qt.core.plugin.factoryloader: Got keys from plugin meta data QList("compose", "xim")
qt.core.plugin.factoryloader: looking at "ibusplatforminputcontextplugin.debug"
qt.core.plugin.factoryloader: "The shared library was not found." 
         not a plugin
qt.core.plugin.factoryloader: looking at "libibusplatforminputcontextplugin.so"
qt.core.plugin.loader: Found metadata in lib /home/seame/Qt/6.9.3/gcc_64/plugins/platforminputcontexts/libibusplatforminputcontextplugin.so, metadata=
{
    "IID": "org.qt-project.Qt.QPlatformInputContextFactoryInterface.5.1",
    "MetaData": {
        "Keys": [
            "ibus"
        ]
    },
    "archlevel": 1,
    "className": "QIbusPlatformInputContextPlugin",
    "debug": false,
    "version": 395520
}


qt.core.plugin.factoryloader: Got keys from plugin meta data QList("ibus")
qt.core.plugin.factoryloader: checking directory path "/home/seame/DES_Head-Unit/Head-Unit/build/platforminputcontexts" ...
qt.core.plugin.factoryloader: checking directory path "/home/seame/Qt/6.9.3/gcc_64/plugins/styles" ...
qt.core.plugin.factoryloader: checking directory path "/home/seame/DES_Head-Unit/Head-Unit/build/styles" ...
qt.core.plugin.factoryloader: checking directory path "/home/seame/Qt/6.9.3/gcc_64/plugins/multimedia" ...
qt.core.plugin.factoryloader: looking at "libffmpegmediaplugin.so"
qt.core.plugin.loader: Found metadata in lib /home/seame/Qt/6.9.3/gcc_64/plugins/multimedia/libffmpegmediaplugin.so, metadata=
{
    "IID": "org.qt-project.Qt.QPlatformMediaPlugin",
    "MetaData": {
        "Keys": [
            "ffmpeg"
        ]
    },
    "archlevel": 1,
    "className": "QFFmpegMediaPlugin",
    "debug": false,
    "version": 395520
}


qt.core.plugin.factoryloader: Got keys from plugin meta data QList("ffmpeg")
qt.core.plugin.factoryloader: looking at "ffmpegmediaplugin.debug"
qt.core.plugin.factoryloader: "The shared library was not found." 
         not a plugin
qt.core.plugin.factoryloader: checking directory path "/home/seame/DES_Head-Unit/Head-Unit/build/multimedia" ...
qt.multimedia.ffmpeg: Using Qt multimedia with FFmpeg version 7.1.1 LGPL version 2.1 or later
PulseAudioService: pa_context_connect() failed
[GearClient] DBus interface invalid on "system" bus: "The name com.des.vehicle was not provided by any .service files"
[GearClient] Cannot fetch gear; interface invalid
qt.core.plugin.factoryloader: checking directory path "/home/seame/Qt/6.9.3/gcc_64/plugins/networkaccess" ...
qt.core.plugin.factoryloader: checking directory path "/home/seame/DES_Head-Unit/Head-Unit/build/networkaccess" ...
[BluetoothManager] Bluetooth adapter available
[BluetoothManager] PC name: "SEAME2025"
[BluetoothManager] Current power state: ON
[BluetoothManager] Bluetooth initialized successfully
========================================
[BluetoothManager] Initializing Bluetooth Agent...
[BluetoothAgent] Agent created
[BluetoothManager] Agent object created
[BluetoothManager] Registering agent at D-Bus path: "/com/des/headunit/bluetooth/agent"
[BluetoothManager] ✅ Agent object registered at "/com/des/headunit/bluetooth/agent"
[BluetoothManager] Calling BlueZ AgentManager.RegisterAgent...
[BluetoothManager] ✅ Agent registered with BlueZ AgentManager
[BluetoothManager] Calling BlueZ AgentManager.RequestDefaultAgent...
[BluetoothManager] ✅ Agent set as default
[BluetoothManager] ✅ Bluetooth Agent fully initialized!
========================================
[BluetoothManager] Loaded 0 saved devices
[BluetoothManager] Auto-reconnect: true
[BluetoothManager] Preferred device: ""
[BluetoothAudioPlayer] Initialized with D-Bus AVRCP support
[BluetoothManager] Audio player integrated
Loading QML file: "qrc:/qt/qml/HeadUnit/ui/main.qml"
qt.core.plugin.loader: Found metadata in lib /home/seame/Qt/6.9.3/gcc_64/qml/QtQuick/Controls/libqtquickcontrols2plugin.so, metadata=
{
    "IID": "org.qt-project.Qt.QQmlExtensionInterface/1.0",
    "archlevel": 1,
    "className": "QtQuickControls2Plugin",
    "debug": false,
    "uri": [
        "QtQuick.Controls"
    ],
    "version": 395520
}


qt.core.plugin.loader: Found metadata in lib /home/seame/Qt/6.9.3/gcc_64/qml/QtQuick/Controls/Fusion/libqtquickcontrols2fusionstyleplugin.so, metadata=
{
    "IID": "org.qt-project.Qt.QQmlExtensionInterface/1.0",
    "archlevel": 1,
    "className": "QtQuickControls2FusionStylePlugin",
    "debug": false,
    "uri": [
        "QtQuick.Controls.Fusion"
    ],
    "version": 395520
}


qt.core.plugin.loader: Found metadata in lib /home/seame/Qt/6.9.3/gcc_64/qml/QtQuick/Controls/Basic/libqtquickcontrols2basicstyleplugin.so, metadata=
{
    "IID": "org.qt-project.Qt.QQmlExtensionInterface/1.0",
    "archlevel": 1,
    "className": "QtQuickControls2BasicStylePlugin",
    "debug": false,
    "uri": [
        "QtQuick.Controls.Basic"
    ],
    "version": 395520
}


qt.core.plugin.loader: Found metadata in lib /home/seame/Qt/6.9.3/gcc_64/qml/QtQuick/Window/libquickwindowplugin.so, metadata=
{
    "IID": "org.qt-project.Qt.QQmlEngineExtensionInterface",
    "archlevel": 1,
    "className": "QtQuick_WindowPlugin",
    "debug": false,
    "uri": [
        "QtQuick.Window"
    ],
    "version": 395520
}


qt.core.plugin.loader: Found metadata in lib /home/seame/Qt/6.9.3/gcc_64/qml/QtQuick/Layouts/libqquicklayoutsplugin.so, metadata=
{
    "IID": "org.qt-project.Qt.QQmlEngineExtensionInterface",
    "archlevel": 1,
    "className": "QtQuickLayoutsPlugin",
    "debug": false,
    "uri": [
        "QtQuick.Layouts"
    ],
    "version": 395520
}


qt.core.plugin.loader: Found metadata in lib /home/seame/Qt/6.9.3/gcc_64/qml/QtQuick/Effects/libeffectsplugin.so, metadata=
{
    "IID": "org.qt-project.Qt.QQmlEngineExtensionInterface",
    "archlevel": 1,
    "className": "QtQuickEffectsPlugin",
    "debug": false,
    "uri": [
        "QtQuick.Effects"
    ],
    "version": 395520
}


qt.core.plugin.loader: Found metadata in lib /home/seame/Qt/6.9.3/gcc_64/qml/QtQuick/Dialogs/libqtquickdialogsplugin.so, metadata=
{
    "IID": "org.qt-project.Qt.QQmlEngineExtensionInterface",
    "archlevel": 1,
    "className": "QtQuickDialogsPlugin",
    "debug": false,
    "uri": [
        "QtQuick.Dialogs"
    ],
    "version": 395520
}


qt.core.plugin.loader: Found metadata in lib /home/seame/Qt/6.9.3/gcc_64/qml/QtQuick/Templates/libqtquicktemplates2plugin.so, metadata=
{
    "IID": "org.qt-project.Qt.QQmlExtensionInterface/1.0",
    "archlevel": 1,
    "className": "QtQuickTemplates2Plugin",
    "debug": false,
    "uri": [
        "QtQuick.Templates"
    ],
    "version": 395520
}


qt.core.plugin.loader: Found metadata in lib /home/seame/Qt/6.9.3/gcc_64/qml/Qt5Compat/GraphicalEffects/libqtgraphicaleffectsplugin.so, metadata=
{
    "IID": "org.qt-project.Qt.QQmlExtensionInterface/1.0",
    "archlevel": 1,
    "className": "QtGraphicalEffectsPlugin",
    "debug": false,
    "uri": [
        "Qt5Compat.GraphicalEffects"
    ],
    "version": 395520
}


qt.core.plugin.loader: Found metadata in lib /home/seame/Qt/6.9.3/gcc_64/qml/Qt5Compat/GraphicalEffects/private/libqtgraphicaleffectsprivateplugin.so, metadata=
{
    "IID": "org.qt-project.Qt.QQmlEngineExtensionInterface",
    "archlevel": 1,
    "className": "QtGraphicalEffectsPrivatePlugin",
    "debug": false,
    "uri": [
        "Qt5Compat.GraphicalEffects.private"
    ],
    "version": 395520
}


qt.core.plugin.factoryloader: checking directory path "/home/seame/Qt/6.9.3/gcc_64/plugins/xcbglintegrations" ...
qt.core.plugin.factoryloader: looking at "qxcb-glx-integration.debug"
qt.core.plugin.factoryloader: "The shared library was not found." 
         not a plugin
qt.core.plugin.factoryloader: looking at "libqxcb-egl-integration.so"
qt.core.plugin.loader: Found metadata in lib /home/seame/Qt/6.9.3/gcc_64/plugins/xcbglintegrations/libqxcb-egl-integration.so, metadata=
{
    "IID": "org.qt-project.Qt.QPA.Xcb.QXcbGlIntegrationFactoryInterface.5.5",
    "MetaData": {
        "Keys": [
            "xcb_egl"
        ]
    },
    "archlevel": 1,
    "className": "QXcbEglIntegrationPlugin",
    "debug": false,
    "version": 395520
}


qt.core.plugin.factoryloader: Got keys from plugin meta data QList("xcb_egl")
qt.core.plugin.factoryloader: looking at "qxcb-egl-integration.debug"
qt.core.plugin.factoryloader: "The shared library was not found." 
         not a plugin
qt.core.plugin.factoryloader: looking at "libqxcb-glx-integration.so"
qt.core.plugin.loader: Found metadata in lib /home/seame/Qt/6.9.3/gcc_64/plugins/xcbglintegrations/libqxcb-glx-integration.so, metadata=
{
    "IID": "org.qt-project.Qt.QPA.Xcb.QXcbGlIntegrationFactoryInterface.5.5",
    "MetaData": {
        "Keys": [
            "xcb_glx"
        ]
    },
    "archlevel": 1,
    "className": "QXcbGlxIntegrationPlugin",
    "debug": false,
    "version": 395520
}


qt.core.plugin.factoryloader: Got keys from plugin meta data QList("xcb_glx")
qt.core.plugin.factoryloader: checking directory path "/home/seame/DES_Head-Unit/Head-Unit/build/xcbglintegrations" ...
qt.core.plugin.factoryloader: checking directory path "/home/seame/Qt/6.9.3/gcc_64/plugins/accessible" ...
qt.core.plugin.factoryloader: checking directory path "/home/seame/DES_Head-Unit/Head-Unit/build/accessible" ...
qt.core.plugin.factoryloader: checking directory path "/home/seame/Qt/6.9.3/gcc_64/plugins/accessiblebridge" ...
qt.core.plugin.factoryloader: checking directory path "/home/seame/DES_Head-Unit/Head-Unit/build/accessiblebridge" ...
qt.core.plugin.factoryloader: checking directory path "/home/seame/Qt/6.9.3/gcc_64/plugins/iconengines" ...
qt.core.plugin.factoryloader: looking at "libqsvgicon.so"
qt.core.plugin.loader: Found metadata in lib /home/seame/Qt/6.9.3/gcc_64/plugins/iconengines/libqsvgicon.so, metadata=
{
    "IID": "org.qt-project.Qt.QIconEngineFactoryInterface",
    "MetaData": {
        "Keys": [
            "svg",
            "svgz",
            "svg.gz"
        ]
    },
    "archlevel": 1,
    "className": "QSvgIconPlugin",
    "debug": false,
    "version": 395520
}


qt.core.plugin.factoryloader: Got keys from plugin meta data QList("svg", "svgz", "svg.gz")
qt.core.plugin.factoryloader: looking at "qsvgicon.debug"
qt.core.plugin.factoryloader: "The shared library was not found." 
         not a plugin
qt.core.plugin.factoryloader: checking directory path "/home/seame/DES_Head-Unit/Head-Unit/build/iconengines" ...
[BluetoothManager] Found paired device: "주헌의 Tab S9 Ultra" ( "48:BC:E1:18:C6:0F" ) - Connected: false
[BluetoothManager] Connection check - Paired: 1 Connected: 0
[BluetoothManager] Starting broadcast mode - discoverable and pairable
[BluetoothManager] PC is now visible as: "SEAME2025"
[BluetoothManager] Pair from your phone to connect
[BluetoothManager] Found paired device: "주헌의 Tab S9 Ultra" ( "48:BC:E1:18:C6:0F" ) - Connected: false
[BluetoothManager] Connection check - Paired: 1 Connected: 0
[BluetoothManager] Found paired device: "주헌의 Tab S9 Ultra" ( "48:BC:E1:18:C6:0F" ) - Connected: false
[BluetoothManager] Connection check - Paired: 1 Connected: 0
[BluetoothManager] Found paired device: "주헌의 Tab S9 Ultra" ( "48:BC:E1:18:C6:0F" ) - Connected: false
[BluetoothManager] Connection check - Paired: 1 Connected: 0
[BluetoothManager] Found paired device: "주헌의 Tab S9 Ultra" ( "48:BC:E1:18:C6:0F" ) - Connected: false
[BluetoothManager] Connection check - Paired: 1 Connected: 0
[BluetoothManager] Found paired device: "주헌의 Tab S9 Ultra" ( "48:BC:E1:18:C6:0F" ) - Connected: false
[BluetoothManager] Connection check - Paired: 1 Connected: 0
[BluetoothManager] Found paired device: "주헌의 Tab S9 Ultra" ( "48:BC:E1:18:C6:0F" ) - Connected: false
[BluetoothManager] Connection check - Paired: 1 Connected: 0
[BluetoothManager] Found paired device: "주헌의 Tab S9 Ultra" ( "48:BC:E1:18:C6:0F" ) - Connected: false
[BluetoothManager] Connection check - Paired: 1 Connected: 0
[BluetoothManager] Found paired device: "주헌의 Tab S9 Ultra" ( "48:BC:E1:18:C6:0F" ) - Connected: false
[BluetoothManager] Connection check - Paired: 1 Connected: 0
[BluetoothManager] Found paired device: "주헌의 Tab S9 Ultra" ( "48:BC:E1:18:C6:0F" ) - Connected: false
[BluetoothManager] Connection check - Paired: 1 Connected: 0
[BluetoothManager] Found paired device: "주헌의 Tab S9 Ultra" ( "48:BC:E1:18:C6:0F" ) - Connected: false
[BluetoothManager] Connection check - Paired: 1 Connected: 0
[BluetoothManager] Found paired device: "주헌의 Tab S9 Ultra" ( "48:BC:E1:18:C6:0F" ) - Connected: false
[BluetoothManager] Connection check - Paired: 1 Connected: 0
[BluetoothManager] Found paired device: "주헌의 Tab S9 Ultra" ( "48:BC:E1:18:C6:0F" ) - Connected: false
[BluetoothManager] Connection check - Paired: 1 Connected: 0
[BluetoothManager] Found paired device: "주헌의 Tab S9 Ultra" ( "48:BC:E1:18:C6:0F" ) - Connected: false
[BluetoothManager] Connection check - Paired: 1 Connected: 0
[BluetoothManager] Found paired device: "주헌의 Tab S9 Ultra" ( "48:BC:E1:18:C6:0F" ) - Connected: false
[BluetoothManager] Connection check - Paired: 1 Connected: 0
[BluetoothManager] Found paired device: "주헌의 Tab S9 Ultra" ( "48:BC:E1:18:C6:0F" ) - Connected: false
[BluetoothManager] Connection check - Paired: 1 Connected: 0
[BluetoothManager] Stopping broadcast mode
[BluetoothManager] Found paired device: "주헌의 Tab S9 Ultra" ( "48:BC:E1:18:C6:0F" ) - Connected: false
[BluetoothManager] Connection check - Paired: 1 Connected: 0
[BluetoothManager] Found paired device: "주헌의 Tab S9 Ultra" ( "48:BC:E1:18:C6:0F" ) - Connected: false
[BluetoothManager] Connection check - Paired: 1 Connected: 0
[BluetoothManager] Found paired device: "주헌의 Tab S9 Ultra" ( "48:BC:E1:18:C6:0F" ) - Connected: false
[BluetoothManager] Connection check - Paired: 1 Connected: 0
[BluetoothManager] Found paired device: "주헌의 Tab S9 Ultra" ( "48:BC:E1:18:C6:0F" ) - Connected: false
[BluetoothManager] Connection check - Paired: 1 Connected: 0
[BluetoothManager] Found paired device: "주헌의 Tab S9 Ultra" ( "48:BC:E1:18:C6:0F" ) - Connected: false
[BluetoothManager] Connection check - Paired: 1 Connected: 0
[BluetoothManager] Found paired device: "주헌의 Tab S9 Ultra" ( "48:BC:E1:18:C6:0F" ) - Connected: false
[BluetoothManager] Connection check - Paired: 1 Connected: 0
[BluetoothManager] Found paired device: "주헌의 Tab S9 Ultra" ( "48:BC:E1:18:C6:0F" ) - Connected: false
[BluetoothManager] Connection check - Paired: 1 Connected: 0
[BluetoothManager] Found paired device: "주헌의 Tab S9 Ultra" ( "48:BC:E1:18:C6:0F" ) - Connected: false
[BluetoothManager] Connection check - Paired: 1 Connected: 0
[BluetoothManager] Found paired device: "주헌의 Tab S9 Ultra" ( "48:BC:E1:18:C6:0F" ) - Connected: false
[BluetoothManager] Connection check - Paired: 1 Connected: 0
[BluetoothManager] Found paired device: "주헌의 Tab S9 Ultra" ( "48:BC:E1:18:C6:0F" ) - Connected: false
[BluetoothManager] Connection check - Paired: 1 Connected: 0
[BluetoothManager] Found paired device: "주헌의 Tab S9 Ultra" ( "48:BC:E1:18:C6:0F" ) - Connected: false
[BluetoothManager] Connection check - Paired: 1 Connected: 0
[BluetoothManager] Found paired device: "주헌의 Tab S9 Ultra" ( "48:BC:E1:18:C6:0F" ) - Connected: false
[BluetoothManager] Connection check - Paired: 1 Connected: 0
[BluetoothManager] Found paired device: "주헌의 Tab S9 Ultra" ( "48:BC:E1:18:C6:0F" ) - Connected: false
[BluetoothManager] Connection check - Paired: 1 Connected: 0
[BluetoothManager] Found paired device: "주헌의 Tab S9 Ultra" ( "48:BC:E1:18:C6:0F" ) - Connected: false
[BluetoothManager] Connection check - Paired: 1 Connected: 0
[BluetoothManager] Found paired device: "주헌의 Tab S9 Ultra" ( "48:BC:E1:18:C6:0F" ) - Connected: false
[BluetoothManager] Connection check - Paired: 1 Connected: 0
[BluetoothManager] Found paired device: "주헌의 Tab S9 Ultra" ( "48:BC:E1:18:C6:0F" ) - Connected: false
[BluetoothManager] Connection check - Paired: 1 Connected: 0
[BluetoothManager] Found paired device: "주헌의 Tab S9 Ultra" ( "48:BC:E1:18:C6:0F" ) - Connected: false
[BluetoothManager] Connection check - Paired: 1 Connected: 0
[BluetoothManager] Found paired device: "주헌의 Tab S9 Ultra" ( "48:BC:E1:18:C6:0F" ) - Connected: false
[BluetoothManager] Connection check - Paired: 1 Connected: 0
[BluetoothManager] Found paired device: "주헌의 Tab S9 Ultra" ( "48:BC:E1:18:C6:0F" ) - Connected: false
[BluetoothManager] Connection check - Paired: 1 Connected: 0
[BluetoothManager] Found paired device: "주헌의 Tab S9 Ultra" ( "48:BC:E1:18:C6:0F" ) - Connected: false
[BluetoothManager] Connection check - Paired: 1 Connected: 0
[BluetoothManager] Found paired device: "주헌의 Tab S9 Ultra" ( "48:BC:E1:18:C6:0F" ) - Connected: false
[BluetoothManager] Connection check - Paired: 1 Connected: 0
[BluetoothManager] Found paired device: "주헌의 Tab S9 Ultra" ( "48:BC:E1:18:C6:0F" ) - Connected: false
[BluetoothManager] Connection check - Paired: 1 Connected: 0
[BluetoothManager] Found paired device: "주헌의 Tab S9 Ultra" ( "48:BC:E1:18:C6:0F" ) - Connected: false
[BluetoothManager] Connection check - Paired: 1 Connected: 0
[BluetoothManager] Found paired device: "주헌의 Tab S9 Ultra" ( "48:BC:E1:18:C6:0F" ) - Connected: false
[BluetoothManager] Connection check - Paired: 1 Connected: 0
[BluetoothManager] Found paired device: "주헌의 Tab S9 Ultra" ( "48:BC:E1:18:C6:0F" ) - Connected: false
[BluetoothManager] Connection check - Paired: 1 Connected: 0
[BluetoothManager] Found paired device: "주헌의 Tab S9 Ultra" ( "48:BC:E1:18:C6:0F" ) - Connected: false
[BluetoothManager] Connection check - Paired: 1 Connected: 0
[BluetoothManager] Found paired device: "주헌의 Tab S9 Ultra" ( "48:BC:E1:18:C6:0F" ) - Connected: false
[BluetoothManager] Connection check - Paired: 1 Connected: 0
[BluetoothManager] Found paired device: "주헌의 Tab S9 Ultra" ( "48:BC:E1:18:C6:0F" ) - Connected: false
[BluetoothManager] Connection check - Paired: 1 Connected: 0
[BluetoothManager] Found paired device: "주헌의 Tab S9 Ultra" ( "48:BC:E1:18:C6:0F" ) - Connected: false
[BluetoothManager] Connection check - Paired: 1 Connected: 0
[BluetoothManager] Found paired device: "주헌의 Tab S9 Ultra" ( "48:BC:E1:18:C6:0F" ) - Connected: false
[BluetoothManager] Connection check - Paired: 1 Connected: 0
[BluetoothManager] Found paired device: "주헌의 Tab S9 Ultra" ( "48:BC:E1:18:C6:0F" ) - Connected: false
[BluetoothManager] Connection check - Paired: 1 Connected: 0
[BluetoothManager] Found paired device: "주헌의 Tab S9 Ultra" ( "48:BC:E1:18:C6:0F" ) - Connected: false
[BluetoothManager] Connection check - Paired: 1 Connected: 0
[BluetoothManager] Found paired device: "주헌의 Tab S9 Ultra" ( "48:BC:E1:18:C6:0F" ) - Connected: false
[BluetoothManager] Connection check - Paired: 1 Connected: 0
[BluetoothManager] Found paired device: "주헌의 Tab S9 Ultra" ( "48:BC:E1:18:C6:0F" ) - Connected: false
[BluetoothManager] Connection check - Paired: 1 Connected: 0
[BluetoothManager] Found paired device: "주헌의 Tab S9 Ultra" ( "48:BC:E1:18:C6:0F" ) - Connected: false
[BluetoothManager] Connection check - Paired: 1 Connected: 0
[BluetoothManager] Found paired device: "주헌의 Tab S9 Ultra" ( "48:BC:E1:18:C6:0F" ) - Connected: false
[BluetoothManager] Connection check - Paired: 1 Connected: 0
[BluetoothManager] Found paired device: "주헌의 Tab S9 Ultra" ( "48:BC:E1:18:C6:0F" ) - Connected: false
[BluetoothManager] Connection check - Paired: 1 Connected: 0
[BluetoothManager] Found paired device: "주헌의 Tab S9 Ultra" ( "48:BC:E1:18:C6:0F" ) - Connected: false
[BluetoothManager] Connection check - Paired: 1 Connected: 0
[BluetoothManager] Found paired device: "주헌의 Tab S9 Ultra" ( "48:BC:E1:18:C6:0F" ) - Connected: false
[BluetoothManager] Connection check - Paired: 1 Connected: 0
[BluetoothManager] Found paired device: "주헌의 Tab S9 Ultra" ( "48:BC:E1:18:C6:0F" ) - Connected: false
[BluetoothManager] Connection check - Paired: 1 Connected: 0
[BluetoothManager] Found paired device: "주헌의 Tab S9 Ultra" ( "48:BC:E1:18:C6:0F" ) - Connected: false
[BluetoothManager] Connection check - Paired: 1 Connected: 0
[BluetoothManager] Found paired device: "주헌의 Tab S9 Ultra" ( "48:BC:E1:18:C6:0F" ) - Connected: false
[BluetoothManager] Connection check - Paired: 1 Connected: 0
[BluetoothManager] Found paired device: "주헌의 Tab S9 Ultra" ( "48:BC:E1:18:C6:0F" ) - Connected: false
[BluetoothManager] Connection check - Paired: 1 Connected: 0
[BluetoothManager] Found paired device: "주헌의 Tab S9 Ultra" ( "48:BC:E1:18:C6:0F" ) - Connected: false
[BluetoothManager] Connection check - Paired: 1 Connected: 0
[BluetoothManager] Found paired device: "주헌의 Tab S9 Ultra" ( "48:BC:E1:18:C6:0F" ) - Connected: false
[BluetoothManager] Connection check - Paired: 1 Connected: 0
[BluetoothManager] Found paired device: "주헌의 Tab S9 Ultra" ( "48:BC:E1:18:C6:0F" ) - Connected: false
[BluetoothManager] Connection check - Paired: 1 Connected: 0
[BluetoothManager] Found paired device: "주헌의 Tab S9 Ultra" ( "48:BC:E1:18:C6:0F" ) - Connected: false
[BluetoothManager] Connection check - Paired: 1 Connected: 0
[BluetoothManager] Found paired device: "주헌의 Tab S9 Ultra" ( "48:BC:E1:18:C6:0F" ) - Connected: false
[BluetoothManager] Connection check - Paired: 1 Connected: 0
[BluetoothManager] Found paired device: "주헌의 Tab S9 Ultra" ( "48:BC:E1:18:C6:0F" ) - Connected: false
[BluetoothManager] Connection check - Paired: 1 Connected: 0
[BluetoothManager] Found paired device: "주헌의 Tab S9 Ultra" ( "48:BC:E1:18:C6:0F" ) - Connected: false
[BluetoothManager] Connection check - Paired: 1 Connected: 0
[BluetoothManager] Found paired device: "주헌의 Tab S9 Ultra" ( "48:BC:E1:18:C6:0F" ) - Connected: false
[BluetoothManager] Connection check - Paired: 1 Connected: 0
[BluetoothManager] Found paired device: "주헌의 Tab S9 Ultra" ( "48:BC:E1:18:C6:0F" ) - Connected: false
[BluetoothManager] Connection check - Paired: 1 Connected: 0
[BluetoothManager] Found paired device: "주헌의 Tab S9 Ultra" ( "48:BC:E1:18:C6:0F" ) - Connected: false
[BluetoothManager] Connection check - Paired: 1 Connected: 0
[BluetoothManager] Found paired device: "주헌의 Tab S9 Ultra" ( "48:BC:E1:18:C6:0F" ) - Connected: false
[BluetoothManager] Connection check - Paired: 1 Connected: 0
[BluetoothManager] Found paired device: "주헌의 Tab S9 Ultra" ( "48:BC:E1:18:C6:0F" ) - Connected: false
[BluetoothManager] Connection check - Paired: 1 Connected: 0
